Archive member included because of file (symbol)

c:/program files (x86)/atmel/avr tools/avr toolchain/bin/../lib/gcc/avr/4.8.1/avr4\libgcc.a(_exit.o)
                              c:/program files (x86)/atmel/avr tools/avr toolchain/bin/../lib/gcc/avr/4.8.1/../../../../avr/lib/avr4/crtm8a.o (exit)
c:/program files (x86)/atmel/avr tools/avr toolchain/bin/../lib/gcc/avr/4.8.1/avr4\libgcc.a(_copy_data.o)
                              ./main.o (__do_copy_data)
c:/program files (x86)/atmel/avr tools/avr toolchain/bin/../lib/gcc/avr/4.8.1/avr4\libgcc.a(_clear_bss.o)
                              ./MYBUFOR/MY_BUFOR.o (__do_clear_bss)

Allocating common symbols
Common symbol       size              file

pwm1                0x1               ./main.o
pwm2                0x1               ./main.o
UART_TxHead         0x1               ./MYBUFOR/MY_BUFOR.o
pwm4                0x1               ./main.o
UART_TxTail         0x1               ./MYBUFOR/MY_BUFOR.o
pwm6                0x1               ./main.o
pwm3                0x1               ./main.o
UART_TxBuf          0x10              ./MYBUFOR/MY_BUFOR.o
UART_RxHead         0x1               ./MYBUFOR/MY_BUFOR.o
UART_RxTail         0x1               ./MYBUFOR/MY_BUFOR.o
pwm5                0x1               ./main.o
UART_RxBuf          0x10              ./MYBUFOR/MY_BUFOR.o

Memory Configuration

Name             Origin             Length             Attributes
text             0x00000000         0x00002000         xr
data             0x00800060         0x0000ffa0         rw !x
eeprom           0x00810000         0x00010000         rw !x
fuse             0x00820000         0x00000400         rw !x
lock             0x00830000         0x00000400         rw !x
signature        0x00840000         0x00000400         rw !x
user_signatures  0x00850000         0x00000400         rw !x
*default*        0x00000000         0xffffffff

Linker script and memory map

LOAD c:/program files (x86)/atmel/avr tools/avr toolchain/bin/../lib/gcc/avr/4.8.1/../../../../avr/lib/avr4/crtm8a.o
LOAD ./MYBUFOR/MY_BUFOR.o
LOAD ./main.o
START GROUP
LOAD c:/program files (x86)/atmel/avr tools/avr toolchain/bin/../lib/gcc/avr/4.8.1/avr4\libgcc.a
LOAD c:/program files (x86)/atmel/avr tools/avr toolchain/bin/../lib/gcc/avr/4.8.1/../../../../avr/lib/avr4\libm.a
LOAD c:/program files (x86)/atmel/avr tools/avr toolchain/bin/../lib/gcc/avr/4.8.1/../../../../avr/lib/avr4\libc.a
END GROUP

.hash
 *(.hash)

.dynsym
 *(.dynsym)

.dynstr
 *(.dynstr)

.gnu.version
 *(.gnu.version)

.gnu.version_d
 *(.gnu.version_d)

.gnu.version_r
 *(.gnu.version_r)

.rel.init
 *(.rel.init)

.rela.init
 *(.rela.init)

.rel.text
 *(.rel.text)
 *(.rel.text.*)
 *(.rel.gnu.linkonce.t*)

.rela.text
 *(.rela.text)
 *(.rela.text.*)
 *(.rela.gnu.linkonce.t*)

.rel.fini
 *(.rel.fini)

.rela.fini
 *(.rela.fini)

.rel.rodata
 *(.rel.rodata)
 *(.rel.rodata.*)
 *(.rel.gnu.linkonce.r*)

.rela.rodata
 *(.rela.rodata)
 *(.rela.rodata.*)
 *(.rela.gnu.linkonce.r*)

.rel.data
 *(.rel.data)
 *(.rel.data.*)
 *(.rel.gnu.linkonce.d*)

.rela.data
 *(.rela.data)
 *(.rela.data.*)
 *(.rela.gnu.linkonce.d*)

.rel.ctors
 *(.rel.ctors)

.rela.ctors
 *(.rela.ctors)

.rel.dtors
 *(.rel.dtors)

.rela.dtors
 *(.rela.dtors)

.rel.got
 *(.rel.got)

.rela.got
 *(.rela.got)

.rel.bss
 *(.rel.bss)

.rela.bss
 *(.rela.bss)

.rel.plt
 *(.rel.plt)

.rela.plt
 *(.rela.plt)

.text           0x00000000      0x3fc
 *(.vectors)
 .vectors       0x00000000       0x26 c:/program files (x86)/atmel/avr tools/avr toolchain/bin/../lib/gcc/avr/4.8.1/../../../../avr/lib/avr4/crtm8a.o
                0x00000000                __vector_default
                0x00000000                __vectors
 *(.vectors)
 *(.progmem.gcc*)
 .progmem.gcc_sw_table.main
                0x00000026       0x34 ./main.o
                0x0000005a                . = ALIGN (0x2)
                0x0000005a                __trampolines_start = .
 *(.trampolines)
 .trampolines   0x0000005a        0x0 linker stubs
 *(.trampolines*)
                0x0000005a                __trampolines_end = .
 *(.progmem*)
                0x0000005a                . = ALIGN (0x2)
 *(.jumptables)
 *(.jumptables*)
 *(.lowtext)
 *(.lowtext*)
                0x0000005a                __ctors_start = .
 *(.ctors)
                0x0000005a                __ctors_end = .
                0x0000005a                __dtors_start = .
 *(.dtors)
                0x0000005a                __dtors_end = .
 SORT(*)(.ctors)
 SORT(*)(.dtors)
 *(.init0)
 .init0         0x0000005a        0x0 c:/program files (x86)/atmel/avr tools/avr toolchain/bin/../lib/gcc/avr/4.8.1/../../../../avr/lib/avr4/crtm8a.o
                0x0000005a                __init
 *(.init0)
 *(.init1)
 *(.init1)
 *(.init2)
 .init2         0x0000005a        0xc c:/program files (x86)/atmel/avr tools/avr toolchain/bin/../lib/gcc/avr/4.8.1/../../../../avr/lib/avr4/crtm8a.o
 *(.init2)
 *(.init3)
 *(.init3)
 *(.init4)
 .init4         0x00000066       0x16 c:/program files (x86)/atmel/avr tools/avr toolchain/bin/../lib/gcc/avr/4.8.1/avr4\libgcc.a(_copy_data.o)
                0x00000066                __do_copy_data
 .init4         0x0000007c       0x10 c:/program files (x86)/atmel/avr tools/avr toolchain/bin/../lib/gcc/avr/4.8.1/avr4\libgcc.a(_clear_bss.o)
                0x0000007c                __do_clear_bss
 *(.init4)
 *(.init5)
 *(.init5)
 *(.init6)
 *(.init6)
 *(.init7)
 *(.init7)
 *(.init8)
 *(.init8)
 *(.init9)
 .init9         0x0000008c        0x4 c:/program files (x86)/atmel/avr tools/avr toolchain/bin/../lib/gcc/avr/4.8.1/../../../../avr/lib/avr4/crtm8a.o
 *(.init9)
 *(.text)
 .text          0x00000090        0x2 c:/program files (x86)/atmel/avr tools/avr toolchain/bin/../lib/gcc/avr/4.8.1/../../../../avr/lib/avr4/crtm8a.o
                0x00000090                __vector_1
                0x00000090                __bad_interrupt
                0x00000090                __vector_6
                0x00000090                __vector_13
                0x00000090                __vector_17
                0x00000090                __vector_7
                0x00000090                __vector_5
                0x00000090                __vector_4
                0x00000090                __vector_9
                0x00000090                __vector_2
                0x00000090                __vector_15
                0x00000090                __vector_8
                0x00000090                __vector_14
                0x00000090                __vector_10
                0x00000090                __vector_16
                0x00000090                __vector_18
 .text          0x00000092        0x0 ./MYBUFOR/MY_BUFOR.o
 .text          0x00000092        0x0 ./main.o
 .text          0x00000092        0x0 c:/program files (x86)/atmel/avr tools/avr toolchain/bin/../lib/gcc/avr/4.8.1/avr4\libgcc.a(_exit.o)
 .text          0x00000092        0x0 c:/program files (x86)/atmel/avr tools/avr toolchain/bin/../lib/gcc/avr/4.8.1/avr4\libgcc.a(_copy_data.o)
 .text          0x00000092        0x0 c:/program files (x86)/atmel/avr tools/avr toolchain/bin/../lib/gcc/avr/4.8.1/avr4\libgcc.a(_clear_bss.o)
                0x00000092                . = ALIGN (0x2)
 *(.text.*)
 .text.uartInit
                0x00000092       0x14 ./MYBUFOR/MY_BUFOR.o
                0x00000092                uartInit
 .text.uartGet  0x000000a6       0x2a ./MYBUFOR/MY_BUFOR.o
                0x000000a6                uartGet
 .text.uart_putc
                0x000000d0       0x22 ./MYBUFOR/MY_BUFOR.o
                0x000000d0                uart_putc
 .text.uartPutc
                0x000000f2        0x8 ./MYBUFOR/MY_BUFOR.o
                0x000000f2                uartPutc
 .text.uartGetString
                0x000000fa       0x48 ./MYBUFOR/MY_BUFOR.o
                0x000000fa                uartGetString
 .text.uart_puts
                0x00000142       0x16 ./MYBUFOR/MY_BUFOR.o
                0x00000142                uart_puts
 .text.__vector_11
                0x00000158       0x42 ./MYBUFOR/MY_BUFOR.o
                0x00000158                __vector_11
 .text.__vector_12
                0x0000019a       0x4e ./MYBUFOR/MY_BUFOR.o
                0x0000019a                __vector_12
 .text.__vector_3
                0x000001e8       0xe8 ./main.o
                0x000001e8                __vector_3
 .text.servoLeft
                0x000002d0       0x1e ./main.o
                0x000002d0                servoLeft
 .text.servoRight
                0x000002ee       0x1e ./main.o
                0x000002ee                servoRight
 .text.startup.main
                0x0000030c       0xec ./main.o
                0x0000030c                main
 .text.libgcc.mul
                0x000003f8        0x0 c:/program files (x86)/atmel/avr tools/avr toolchain/bin/../lib/gcc/avr/4.8.1/avr4\libgcc.a(_exit.o)
 .text.libgcc.div
                0x000003f8        0x0 c:/program files (x86)/atmel/avr tools/avr toolchain/bin/../lib/gcc/avr/4.8.1/avr4\libgcc.a(_exit.o)
 .text.libgcc   0x000003f8        0x0 c:/program files (x86)/atmel/avr tools/avr toolchain/bin/../lib/gcc/avr/4.8.1/avr4\libgcc.a(_exit.o)
 .text.libgcc.prologue
                0x000003f8        0x0 c:/program files (x86)/atmel/avr tools/avr toolchain/bin/../lib/gcc/avr/4.8.1/avr4\libgcc.a(_exit.o)
 .text.libgcc.builtins
                0x000003f8        0x0 c:/program files (x86)/atmel/avr tools/avr toolchain/bin/../lib/gcc/avr/4.8.1/avr4\libgcc.a(_exit.o)
 .text.libgcc.fmul
                0x000003f8        0x0 c:/program files (x86)/atmel/avr tools/avr toolchain/bin/../lib/gcc/avr/4.8.1/avr4\libgcc.a(_exit.o)
 .text.libgcc.fixed
                0x000003f8        0x0 c:/program files (x86)/atmel/avr tools/avr toolchain/bin/../lib/gcc/avr/4.8.1/avr4\libgcc.a(_exit.o)
 .text.libgcc.mul
                0x000003f8        0x0 c:/program files (x86)/atmel/avr tools/avr toolchain/bin/../lib/gcc/avr/4.8.1/avr4\libgcc.a(_copy_data.o)
 .text.libgcc.div
                0x000003f8        0x0 c:/program files (x86)/atmel/avr tools/avr toolchain/bin/../lib/gcc/avr/4.8.1/avr4\libgcc.a(_copy_data.o)
 .text.libgcc   0x000003f8        0x0 c:/program files (x86)/atmel/avr tools/avr toolchain/bin/../lib/gcc/avr/4.8.1/avr4\libgcc.a(_copy_data.o)
 .text.libgcc.prologue
                0x000003f8        0x0 c:/program files (x86)/atmel/avr tools/avr toolchain/bin/../lib/gcc/avr/4.8.1/avr4\libgcc.a(_copy_data.o)
 .text.libgcc.builtins
                0x000003f8        0x0 c:/program files (x86)/atmel/avr tools/avr toolchain/bin/../lib/gcc/avr/4.8.1/avr4\libgcc.a(_copy_data.o)
 .text.libgcc.fmul
                0x000003f8        0x0 c:/program files (x86)/atmel/avr tools/avr toolchain/bin/../lib/gcc/avr/4.8.1/avr4\libgcc.a(_copy_data.o)
 .text.libgcc.fixed
                0x000003f8        0x0 c:/program files (x86)/atmel/avr tools/avr toolchain/bin/../lib/gcc/avr/4.8.1/avr4\libgcc.a(_copy_data.o)
 .text.libgcc.mul
                0x000003f8        0x0 c:/program files (x86)/atmel/avr tools/avr toolchain/bin/../lib/gcc/avr/4.8.1/avr4\libgcc.a(_clear_bss.o)
 .text.libgcc.div
                0x000003f8        0x0 c:/program files (x86)/atmel/avr tools/avr toolchain/bin/../lib/gcc/avr/4.8.1/avr4\libgcc.a(_clear_bss.o)
 .text.libgcc   0x000003f8        0x0 c:/program files (x86)/atmel/avr tools/avr toolchain/bin/../lib/gcc/avr/4.8.1/avr4\libgcc.a(_clear_bss.o)
 .text.libgcc.prologue
                0x000003f8        0x0 c:/program files (x86)/atmel/avr tools/avr toolchain/bin/../lib/gcc/avr/4.8.1/avr4\libgcc.a(_clear_bss.o)
 .text.libgcc.builtins
                0x000003f8        0x0 c:/program files (x86)/atmel/avr tools/avr toolchain/bin/../lib/gcc/avr/4.8.1/avr4\libgcc.a(_clear_bss.o)
 .text.libgcc.fmul
                0x000003f8        0x0 c:/program files (x86)/atmel/avr tools/avr toolchain/bin/../lib/gcc/avr/4.8.1/avr4\libgcc.a(_clear_bss.o)
 .text.libgcc.fixed
                0x000003f8        0x0 c:/program files (x86)/atmel/avr tools/avr toolchain/bin/../lib/gcc/avr/4.8.1/avr4\libgcc.a(_clear_bss.o)
                0x000003f8                . = ALIGN (0x2)
 *(.fini9)
 .fini9         0x000003f8        0x0 c:/program files (x86)/atmel/avr tools/avr toolchain/bin/../lib/gcc/avr/4.8.1/avr4\libgcc.a(_exit.o)
                0x000003f8                _exit
                0x000003f8                exit
 *(.fini9)
 *(.fini8)
 *(.fini8)
 *(.fini7)
 *(.fini7)
 *(.fini6)
 *(.fini6)
 *(.fini5)
 *(.fini5)
 *(.fini4)
 *(.fini4)
 *(.fini3)
 *(.fini3)
 *(.fini2)
 *(.fini2)
 *(.fini1)
 *(.fini1)
 *(.fini0)
 .fini0         0x000003f8        0x4 c:/program files (x86)/atmel/avr tools/avr toolchain/bin/../lib/gcc/avr/4.8.1/avr4\libgcc.a(_exit.o)
 *(.fini0)
                0x000003fc                _etext = .

.data           0x00800060       0x48 load address 0x000003fc
                0x00800060                PROVIDE (__data_start, .)
 *(.data)
 .data          0x00800060        0x0 c:/program files (x86)/atmel/avr tools/avr toolchain/bin/../lib/gcc/avr/4.8.1/../../../../avr/lib/avr4/crtm8a.o
 .data          0x00800060        0x0 ./MYBUFOR/MY_BUFOR.o
 .data          0x00800060        0x0 ./main.o
 .data          0x00800060        0x0 c:/program files (x86)/atmel/avr tools/avr toolchain/bin/../lib/gcc/avr/4.8.1/avr4\libgcc.a(_exit.o)
 .data          0x00800060        0x0 c:/program files (x86)/atmel/avr tools/avr toolchain/bin/../lib/gcc/avr/4.8.1/avr4\libgcc.a(_copy_data.o)
 .data          0x00800060        0x0 c:/program files (x86)/atmel/avr tools/avr toolchain/bin/../lib/gcc/avr/4.8.1/avr4\libgcc.a(_clear_bss.o)
 *(.data*)
 .data.freq     0x00800060        0x2 ./main.o
                0x00800060                freq
 *(.rodata)
 *(.rodata*)
 .rodata.str1.1
                0x00800062       0x45 ./main.o
 *(.gnu.linkonce.d*)
                0x008000a8                . = ALIGN (0x2)
 *fill*         0x008000a7        0x1 
                0x008000a8                _edata = .
                0x008000a8                PROVIDE (__data_end, .)

.bss            0x008000a8       0x2c
                0x008000a8                PROVIDE (__bss_start, .)
 *(.bss)
 .bss           0x008000a8        0x0 c:/program files (x86)/atmel/avr tools/avr toolchain/bin/../lib/gcc/avr/4.8.1/../../../../avr/lib/avr4/crtm8a.o
 .bss           0x008000a8        0x0 ./MYBUFOR/MY_BUFOR.o
 .bss           0x008000a8        0x0 ./main.o
 .bss           0x008000a8        0x0 c:/program files (x86)/atmel/avr tools/avr toolchain/bin/../lib/gcc/avr/4.8.1/avr4\libgcc.a(_exit.o)
 .bss           0x008000a8        0x0 c:/program files (x86)/atmel/avr tools/avr toolchain/bin/../lib/gcc/avr/4.8.1/avr4\libgcc.a(_copy_data.o)
 .bss           0x008000a8        0x0 c:/program files (x86)/atmel/avr tools/avr toolchain/bin/../lib/gcc/avr/4.8.1/avr4\libgcc.a(_clear_bss.o)
 *(.bss*)
 .bss.ctn.1640  0x008000a8        0x2 ./main.o
 *(COMMON)
 COMMON         0x008000aa       0x24 ./MYBUFOR/MY_BUFOR.o
                0x008000aa                UART_TxHead
                0x008000ab                UART_TxTail
                0x008000ac                UART_TxBuf
                0x008000bc                UART_RxHead
                0x008000bd                UART_RxTail
                0x008000be                UART_RxBuf
 COMMON         0x008000ce        0x6 ./main.o
                0x008000ce                pwm1
                0x008000cf                pwm2
                0x008000d0                pwm4
                0x008000d1                pwm6
                0x008000d2                pwm3
                0x008000d3                pwm5
                0x008000d4                PROVIDE (__bss_end, .)
                0x000003fc                __data_load_start = LOADADDR (.data)
                0x00000444                __data_load_end = (__data_load_start + SIZEOF (.data))

.noinit         0x008000d4        0x0
                0x008000d4                PROVIDE (__noinit_start, .)
 *(.noinit*)
                0x008000d4                PROVIDE (__noinit_end, .)
                0x008000d4                _end = .
                0x008000d4                PROVIDE (__heap_start, .)

.eeprom         0x00810000        0x0
 *(.eeprom*)
                0x00810000                __eeprom_end = .

.fuse
 *(.fuse)
 *(.lfuse)
 *(.hfuse)
 *(.efuse)

.lock
 *(.lock*)

.signature
 *(.signature*)

.user_signatures
 *(.user_signatures*)

.stab
 *(.stab)

.stabstr
 *(.stabstr)

.stab.excl
 *(.stab.excl)

.stab.exclstr
 *(.stab.exclstr)

.stab.index
 *(.stab.index)

.stab.indexstr
 *(.stab.indexstr)

.comment        0x00000000       0x30
 *(.comment)
 .comment       0x00000000       0x30 ./MYBUFOR/MY_BUFOR.o
                                 0x31 (size before relaxing)
 .comment       0x00000000       0x31 ./main.o

.note.gnu.build-id
 *(.note.gnu.build-id)

.debug
 *(.debug)

.line
 *(.line)

.debug_srcinfo
 *(.debug_srcinfo)

.debug_sfnames
 *(.debug_sfnames)

.debug_aranges
 *(.debug_aranges)

.debug_pubnames
 *(.debug_pubnames)

.debug_info
 *(.debug_info .gnu.linkonce.wi.*)

.debug_abbrev
 *(.debug_abbrev)

.debug_line
 *(.debug_line .debug_line.* .debug_line_end)

.debug_frame
 *(.debug_frame)

.debug_str
 *(.debug_str)

.debug_loc
 *(.debug_loc)

.debug_macinfo
 *(.debug_macinfo)

.debug_weaknames
 *(.debug_weaknames)

.debug_funcnames
 *(.debug_funcnames)

.debug_typenames
 *(.debug_typenames)

.debug_varnames
 *(.debug_varnames)

.debug_pubtypes
 *(.debug_pubtypes)

.debug_ranges
 *(.debug_ranges)

.debug_macro
 *(.debug_macro)
OUTPUT(ROBOT_copy.elf elf32-avr)
LOAD linker stubs
